
> rsa@0.0.1 test
> vitest physics.benchmarks


[7m[1m[34m DEV [39m[22m[27m [34mv1.6.1[39m [90mC:/Racing Systems Analysis/RSA[39m

 [32mΓ£ô[39m src/integration-tests/physics.benchmarks.spec.ts [2m ([22m[2m20 tests[22m[2m)[22m

[2m Test Files [22m [1m[32m1 passed[39m[22m[90m (1)[39m
[2m      Tests [22m [90m (20)[39m
[2m   Start at [22m 18:51:21
[2m   Duration [22m 3.00s[2m (transform 383ms, setup 173ms, collect 453ms, tests 0ms, environment 1.26s, prepare 726ms)[22m


[1m[7m[31m CANCELLED [39m[27m[22m[31m Test run cancelled. Watching for file changes...[39m
       [2mpress [22m[1mh[22m[2m to show help[22m[2m, [22m[2mpress [22m[1mq[22m[2m to quit[22m
