
> rsa@0.0.1 test
> vitest


[7m[1m[34m DEV [39m[22m[27m [34mv1.6.1[39m [90mC:/Racing Systems Analysis/RSA[39m

 [32mΓ£ô[39m src/test/example.test.ts [2m ([22m[2m1 test[22m[2m)[22m[90m 8[2mms[22m[39m
 [32mΓ£ô[39m src/domain/core/weather.test.ts [2m ([22m[2m4 tests[22m[2m)[22m[90m 12[2mms[22m[39m
 [32mΓ£ô[39m src/domain/core/units.test.ts [2m ([22m[2m2 tests[22m[2m)[22m[90m 27[2mms[22m[39m
 [32mΓ£ô[39m src/integration-tests/weather.spec.ts [2m ([22m[2m22 tests[22m[2m)[22m[90m 30[2mms[22m[39m
 [33mΓ¥»[39m src/integration-tests/pipeline.spec.ts [2m ([22m[2m14 tests[22m [2m|[22m [31m1 failed[39m[2m)[22m[90m 99[2mms[22m[39m
[31m   [33mΓ¥»[31m src/integration-tests/pipeline.spec.ts[2m > [22mPrediction Pipeline[2m > [22mWeather Impact[2m > [22mshould show different results for different weather conditions[39m
[31m     ΓåÆ expected 118.10383877494618 to be greater than 118.10383877494618[39m
 [32mΓ£ô[39m src/integration-tests/schemas.spec.ts [2m ([22m[2m9 tests[22m[2m)[22m[90m 56[2mms[22m[39m

node.exe : [31mΓÄ»ΓÄ»ΓÄ»ΓÄ»ΓÄ»Γ
Ä»ΓÄ»[1m[7m Failed Tests 1 [2
7m[22mΓÄ»ΓÄ»ΓÄ»ΓÄ»ΓÄ»ΓÄ»ΓÄ»[39
m
At C:\Program 
Files\nodejs\npm.ps1:29 char:3
+   & $NODE_EXE $NPM_CLI_JS 
$args
+   
~~~~~~~~~~~~~~~~~~~~~~~~~~~~~
    + CategoryInfo          : N 
   otSpecified: ([31mΓÄ»ΓÄ»ΓÄ  
  »Γ...»ΓÄ»ΓÄ»ΓÄ»[39m:String   
 ) [], RemoteException
    + FullyQualifiedErrorId : N 
   ativeCommandError
 

[31m[1m[7m FAIL 
[27m[22m[39m src/integration-
tests/pipeline.spec.ts[2m > 
[22mPrediction Pipeline[2m > 
[22mWeather Impact[2m > 
[22mshould show different 
results for different weather 
conditions
[31m[1mAssertionError[22m: 
expected 118.10383877494618 to 
be greater than 
118.10383877494618[39m
[36m [2mΓ¥»[22m src/integrati
on-tests/pipeline.spec.ts:[2m28
6:34[22m[39m
    [90m284| [39m      
    [90m285| [39m      
[90m// Good weather should 
produce higher trap speed[39m
    [90m286| [39m      [34mex
pect[39m(goodResult[33m.[39mb
aseMPH)[33m.[39m[34mtoBeGreat
erThan[39m(badResult[33m.[39m
baseMPH)[33m;[39m
    [90m   | [39m             
                    [31m^[39m
    [90m287| [39m    
})[33m;[39m
    [90m288| [39m  
})[33m;[39m

[31m[2mΓÄ»ΓÄ»ΓÄ»ΓÄ»ΓÄ»ΓÄ»ΓÄ»ΓÄ
»ΓÄ»ΓÄ»ΓÄ»ΓÄ»ΓÄ»ΓÄ»ΓÄ»ΓÄ»ΓÄ»ΓÄ»Γ
Ä»ΓÄ»ΓÄ»ΓÄ»ΓÄ»ΓÄ»[1/1]ΓÄ»[22m[
39m

[2m Test Files [22m [1m[31m1 failed[39m[22m[2m | [22m[1m[32m5 passed[39m[22m[90m (6)[39m
[2m      Tests [22m [1m[31m1 failed[39m[22m[2m | [22m[1m[32m51 passed[39m[22m[90m (52)[39m
[2m   Start at [22m 09:42:00
[2m   Duration [22m 8.00s[2m (transform 1.13s, setup 4.65s, collect 1.80s, tests 232ms, environment 29.47s, prepare 6.64s)[22m


[1m[7m[31m FAIL [39m[27m[22m[31m Tests failed. Watching for file changes...[39m
       [2mpress [22m[1mh[22m[2m to show help[22m[2m, [22m[2mpress [22m[1mq[22m[2m to quit[22m
[31mCancelling test run. Press CTRL+c again to exit forcefully.
[39m
